// Jest Snapshot v1, https://goo.gl/fbAQLP

exports[`<TextInput /> should render correctly 1`] = `
<View
  style={
    Object {
      "paddingBottom": 10,
      "paddingTop": 10,
    }
  }
>
  <Text
    style={
      Object {
        "color": "#7DD7F1",
        "fontSize": 20,
        "fontWeight": "bold",
      }
    }
  >
    Test
  </Text>
  <TextInput
    allowFontScaling={true}
    rejectResponderTermination={true}
    style={
      Object {
        "borderBottomColor": "#7DD7F1",
        "borderBottomWidth": 1,
        "fontSize": 20,
        "height": 40,
      }
    }
    underlineColorAndroid="transparent"
  />
</View>
`;
