// Jest Snapshot v1, https://goo.gl/fbAQLP

exports[`<Menu /> renders correctly 1`] = `
<View
  style={
    Object {
      "alignItems": "stretch",
      "backgroundColor": "#e7eefb",
      "flex": 1,
    }
  }
>
  <View
    style={
      Object {
        "alignItems": "center",
        "borderBottomColor": "rgb(216, 216, 216)",
        "borderBottomWidth": 1,
        "marginHorizontal": 20,
        "paddingVertical": 20,
      }
    }
  >
    <Icon
      allowFontScaling={false}
      color="#0db4e4"
      name="user-circle"
      size={120}
      style={
        Object {
          "paddingBottom": 20,
        }
      }
    />
    <Component
      color="secondary"
      size="small"
    />
  </View>
  <View
    style={
      Object {
        "alignSelf": "center",
        "flex": 1,
        "justifyContent": "flex-end",
        "marginVertical": 10,
        "width": 200,
      }
    }
  >
    <RoundedButton
      accessibilityLabel="testTouchableLogout"
      buttonStyle={Object {}}
      label="Logout"
      onPress={[Function]}
      startIcon={
        <Icon
          allowFontScaling={false}
          color="white"
          name="logout"
          size={24}
        />
      }
      testID="testTouchableLogout"
      textStyle={Object {}}
    />
  </View>
</View>
`;
