// Jest Snapshot v1, https://goo.gl/fbAQLP

exports[`<AppointmentNew> should render correctly 1`] = `
<View
  style={
    Object {
      "flex": 1,
      "justifyContent": "flex-start",
      "paddingHorizontal": 40,
      "paddingVertical": 20,
    }
  }
>
  <Component>
    Type the store code or scan the QR code
  </Component>
  <View
    style={
      Object {
        "flexDirection": "row",
        "marginTop": 20,
      }
    }
  >
    <View
      style={
        Object {
          "alignItems": "center",
          "borderColor": "rgb(216, 216, 216)",
          "borderRadius": 30,
          "borderWidth": 1,
          "flex": 2,
          "flexDirection": "row",
          "justifyContent": "space-between",
          "marginRight": 5,
          "paddingHorizontal": 10,
        }
      }
    >
      <Component
        accessibilityLabel="testInputCode"
        allowFontScaling={true}
        label="Code"
        onChangeText={[Function]}
        rejectResponderTermination={true}
        style={
          Object {
            "flex": 8,
          }
        }
        testID="testInputCode"
        underlineColorAndroid="transparent"
        value=""
      />
      <ForwardRef
        accessibilityLabel="testTouchableSearchCode"
        id="searchCode"
        onPress={[Function]}
        style={
          Object {
            "flex": 1,
          }
        }
        testID="testTouchableSearchCode"
      >
        <Icon
          allowFontScaling={false}
          color="#f77027"
          name="right"
          size={20}
        />
      </ForwardRef>
    </View>
    <RoundedButton
      accessibilityLabel="testTouchableScan"
      buttonStyle={
        Object {
          "flex": 1,
        }
      }
      label="SCAN"
      onPress={[Function]}
      testID="testTouchableScan"
      textStyle={Object {}}
    />
  </View>
  <View
    style={
      Object {
        "borderBottomColor": "lightgray",
        "borderBottomWidth": 1,
        "borderStyle": "dashed",
        "marginVertical": 20,
        "width": "100%",
      }
    }
  />
  <Component>
    You can also find stores near you
  </Component>
  <View
    style={
      Object {
        "borderColor": "rgb(216, 216, 216)",
        "borderRadius": 30,
        "borderWidth": 1,
        "flex": 1,
        "marginTop": 20,
        "overflow": "hidden",
      }
    }
  />
</View>
`;
