// Jest Snapshot v1, https://goo.gl/fbAQLP

exports[`<RoundedButton /> renders correctly 1`] = `
<View
  accessible={true}
  focusable={false}
  onClick={[Function]}
  onResponderGrant={[Function]}
  onResponderMove={[Function]}
  onResponderRelease={[Function]}
  onResponderTerminate={[Function]}
  onResponderTerminationRequest={[Function]}
  onStartShouldSetResponder={[Function]}
  style={
    Object {
      "alignItems": "center",
      "backgroundColor": "#F77027",
      "borderRadius": 30,
      "height": 60,
      "justifyContent": "center",
      "opacity": 1,
      "paddingBottom": 10,
      "paddingTop": 10,
    }
  }
>
  <Text
    style={
      Object {
        "color": "white",
        "fontSize": 20,
      }
    }
  >
    test
  </Text>
</View>
`;
